Analysis & Synthesis report for t1c_riscv_cpu
Sun Jan 12 19:20:02 2025
Quartus Prime Version 20.1.0 Build 711 06/05/2020 SJ Lite Edition


---------------------
; Table of Contents ;
---------------------
  1. Legal Notice
  2. Analysis & Synthesis Summary
  3. Analysis & Synthesis Settings
  4. Parallel Compilation
  5. Analysis & Synthesis Source Files Read
  6. Analysis & Synthesis Resource Usage Summary
  7. Analysis & Synthesis Resource Utilization by Entity
  8. General Register Statistics
  9. Multiplexer Restructuring Statistics (Restructuring Performed)
 10. Parameter Settings for User Entity Instance: riscv_cpu:rvcpu|datapath:dp|reset_ff:pcreg
 11. Parameter Settings for User Entity Instance: riscv_cpu:rvcpu|datapath:dp|adder:pcadd4
 12. Parameter Settings for User Entity Instance: riscv_cpu:rvcpu|datapath:dp|adder:pcaddbranch
 13. Parameter Settings for User Entity Instance: riscv_cpu:rvcpu|datapath:dp|mux3:pcmux
 14. Parameter Settings for User Entity Instance: riscv_cpu:rvcpu|datapath:dp|reg_file:rf
 15. Parameter Settings for User Entity Instance: riscv_cpu:rvcpu|datapath:dp|mux2:srcbmux
 16. Parameter Settings for User Entity Instance: riscv_cpu:rvcpu|datapath:dp|alu:alu
 17. Parameter Settings for User Entity Instance: riscv_cpu:rvcpu|datapath:dp|mux4:resultmux
 18. Parameter Settings for User Entity Instance: instr_mem:instrmem
 19. Parameter Settings for User Entity Instance: data_mem:datamem
 20. Port Connectivity Checks: "riscv_cpu:rvcpu|datapath:dp|adder:pcadd4"
 21. Port Connectivity Checks: "riscv_cpu:rvcpu|controller:c"
 22. Post-Synthesis Netlist Statistics for Top Partition
 23. Elapsed Time Per Partition
 24. Analysis & Synthesis Messages



----------------
; Legal Notice ;
----------------
Copyright (C) 2020  Intel Corporation. All rights reserved.
Your use of Intel Corporation's design tools, logic functions 
and other software and tools, and any partner logic 
functions, and any output files from any of the foregoing 
(including device programming or simulation files), and any 
associated documentation or information are expressly subject 
to the terms and conditions of the Intel Program License 
Subscription Agreement, the Intel Quartus Prime License Agreement,
the Intel FPGA IP License Agreement, or other applicable license
agreement, including, without limitation, that your use is for
the sole purpose of programming logic devices manufactured by
Intel and sold by Intel or its authorized distributors.  Please
refer to the applicable agreement for further details, at
https://fpgasoftware.intel.com/eula.



+----------------------------------------------------------------------------------+
; Analysis & Synthesis Summary                                                     ;
+------------------------------------+---------------------------------------------+
; Analysis & Synthesis Status        ; Successful - Sun Jan 12 19:20:02 2025       ;
; Quartus Prime Version              ; 20.1.0 Build 711 06/05/2020 SJ Lite Edition ;
; Revision Name                      ; t1c_riscv_cpu                               ;
; Top-level Entity Name              ; t1c_riscv_cpu                               ;
; Family                             ; Cyclone IV E                                ;
; Total logic elements               ; 7,470                                       ;
;     Total combinational functions  ; 5,022                                       ;
;     Dedicated logic registers      ; 3,104                                       ;
; Total registers                    ; 3104                                        ;
; Total pins                         ; 228                                         ;
; Total virtual pins                 ; 0                                           ;
; Total memory bits                  ; 0                                           ;
; Embedded Multiplier 9-bit elements ; 0                                           ;
; Total PLLs                         ; 0                                           ;
+------------------------------------+---------------------------------------------+


+------------------------------------------------------------------------------------------------------------+
; Analysis & Synthesis Settings                                                                              ;
+------------------------------------------------------------------+--------------------+--------------------+
; Option                                                           ; Setting            ; Default Value      ;
+------------------------------------------------------------------+--------------------+--------------------+
; Device                                                           ; EP4CE22F17C6       ;                    ;
; Top-level entity name                                            ; t1c_riscv_cpu      ; t1c_riscv_cpu      ;
; Family name                                                      ; Cyclone IV E       ; Cyclone V          ;
; Use smart compilation                                            ; Off                ; Off                ;
; Enable parallel Assembler and Timing Analyzer during compilation ; On                 ; On                 ;
; Enable compact report table                                      ; Off                ; Off                ;
; Restructure Multiplexers                                         ; Auto               ; Auto               ;
; Create Debugging Nodes for IP Cores                              ; Off                ; Off                ;
; Preserve fewer node names                                        ; On                 ; On                 ;
; Intel FPGA IP Evaluation Mode                                    ; Enable             ; Enable             ;
; Verilog Version                                                  ; Verilog_2001       ; Verilog_2001       ;
; VHDL Version                                                     ; VHDL_1993          ; VHDL_1993          ;
; State Machine Processing                                         ; Auto               ; Auto               ;
; Safe State Machine                                               ; Off                ; Off                ;
; Extract Verilog State Machines                                   ; On                 ; On                 ;
; Extract VHDL State Machines                                      ; On                 ; On                 ;
; Ignore Verilog initial constructs                                ; Off                ; Off                ;
; Iteration limit for constant Verilog loops                       ; 5000               ; 5000               ;
; Iteration limit for non-constant Verilog loops                   ; 250                ; 250                ;
; Add Pass-Through Logic to Inferred RAMs                          ; On                 ; On                 ;
; Infer RAMs from Raw Logic                                        ; On                 ; On                 ;
; Parallel Synthesis                                               ; On                 ; On                 ;
; DSP Block Balancing                                              ; Auto               ; Auto               ;
; NOT Gate Push-Back                                               ; On                 ; On                 ;
; Power-Up Don't Care                                              ; On                 ; On                 ;
; Remove Redundant Logic Cells                                     ; Off                ; Off                ;
; Remove Duplicate Registers                                       ; On                 ; On                 ;
; Ignore CARRY Buffers                                             ; Off                ; Off                ;
; Ignore CASCADE Buffers                                           ; Off                ; Off                ;
; Ignore GLOBAL Buffers                                            ; Off                ; Off                ;
; Ignore ROW GLOBAL Buffers                                        ; Off                ; Off                ;
; Ignore LCELL Buffers                                             ; Off                ; Off                ;
; Ignore SOFT Buffers                                              ; On                 ; On                 ;
; Limit AHDL Integers to 32 Bits                                   ; Off                ; Off                ;
; Optimization Technique                                           ; Balanced           ; Balanced           ;
; Carry Chain Length                                               ; 70                 ; 70                 ;
; Auto Carry Chains                                                ; On                 ; On                 ;
; Auto Open-Drain Pins                                             ; On                 ; On                 ;
; Perform WYSIWYG Primitive Resynthesis                            ; Off                ; Off                ;
; Auto ROM Replacement                                             ; On                 ; On                 ;
; Auto RAM Replacement                                             ; On                 ; On                 ;
; Auto DSP Block Replacement                                       ; On                 ; On                 ;
; Auto Shift Register Replacement                                  ; Auto               ; Auto               ;
; Allow Shift Register Merging across Hierarchies                  ; Auto               ; Auto               ;
; Auto Clock Enable Replacement                                    ; On                 ; On                 ;
; Strict RAM Replacement                                           ; Off                ; Off                ;
; Allow Synchronous Control Signals                                ; On                 ; On                 ;
; Force Use of Synchronous Clear Signals                           ; Off                ; Off                ;
; Auto RAM Block Balancing                                         ; On                 ; On                 ;
; Auto RAM to Logic Cell Conversion                                ; Off                ; Off                ;
; Auto Resource Sharing                                            ; Off                ; Off                ;
; Allow Any RAM Size For Recognition                               ; Off                ; Off                ;
; Allow Any ROM Size For Recognition                               ; Off                ; Off                ;
; Allow Any Shift Register Size For Recognition                    ; Off                ; Off                ;
; Use LogicLock Constraints during Resource Balancing              ; On                 ; On                 ;
; Ignore translate_off and synthesis_off directives                ; Off                ; Off                ;
; Timing-Driven Synthesis                                          ; On                 ; On                 ;
; Report Parameter Settings                                        ; On                 ; On                 ;
; Report Source Assignments                                        ; On                 ; On                 ;
; Report Connectivity Checks                                       ; On                 ; On                 ;
; Ignore Maximum Fan-Out Assignments                               ; Off                ; Off                ;
; Synchronization Register Chain Length                            ; 2                  ; 2                  ;
; Power Optimization During Synthesis                              ; Normal compilation ; Normal compilation ;
; HDL message level                                                ; Level2             ; Level2             ;
; Suppress Register Optimization Related Messages                  ; Off                ; Off                ;
; Number of Removed Registers Reported in Synthesis Report         ; 5000               ; 5000               ;
; Number of Swept Nodes Reported in Synthesis Report               ; 5000               ; 5000               ;
; Number of Inverted Registers Reported in Synthesis Report        ; 100                ; 100                ;
; Clock MUX Protection                                             ; On                 ; On                 ;
; Auto Gated Clock Conversion                                      ; Off                ; Off                ;
; Block Design Naming                                              ; Auto               ; Auto               ;
; SDC constraint protection                                        ; Off                ; Off                ;
; Synthesis Effort                                                 ; Auto               ; Auto               ;
; Shift Register Replacement - Allow Asynchronous Clear Signal     ; On                 ; On                 ;
; Pre-Mapping Resynthesis Optimization                             ; Off                ; Off                ;
; Analysis & Synthesis Message Level                               ; Medium             ; Medium             ;
; Disable Register Merging Across Hierarchies                      ; Auto               ; Auto               ;
; Resource Aware Inference For Block RAM                           ; On                 ; On                 ;
+------------------------------------------------------------------+--------------------+--------------------+


+------------------------------------------+
; Parallel Compilation                     ;
+----------------------------+-------------+
; Processors                 ; Number      ;
+----------------------------+-------------+
; Number detected on machine ; 16          ;
; Maximum allowed            ; 8           ;
;                            ;             ;
; Average used               ; 1.01        ;
; Maximum used               ; 8           ;
;                            ;             ;
; Usage by Processor         ; % Time Used ;
;     Processor 1            ; 100.0%      ;
;     Processor 2            ;   0.1%      ;
;     Processor 3            ;   0.1%      ;
;     Processor 4            ;   0.1%      ;
;     Processor 5            ;   0.1%      ;
;     Processor 6            ;   0.1%      ;
;     Processor 7            ;   0.1%      ;
;     Processor 8            ;   0.1%      ;
+----------------------------+-------------+


+-------------------------------------------------------------------------------------------------------------------------------------------------------------------------------------+
; Analysis & Synthesis Source Files Read                                                                                                                                              ;
+----------------------------------+-----------------+---------------------------------------------+------------------------------------------------------------------------+---------+
; File Name with User-Entered Path ; Used in Netlist ; File Type                                   ; File Name with Absolute Path                                           ; Library ;
+----------------------------------+-----------------+---------------------------------------------+------------------------------------------------------------------------+---------+
; code/t1c_riscv_cpu.v             ; yes             ; User Verilog HDL File                       ; /home/bala/git_stuff/RISCV-Processor/v1/code/t1c_riscv_cpu.v           ;         ;
; code/riscv_cpu.v                 ; yes             ; User Verilog HDL File                       ; /home/bala/git_stuff/RISCV-Processor/v1/code/riscv_cpu.v               ;         ;
; code/instr_mem.v                 ; yes             ; User Verilog HDL File                       ; /home/bala/git_stuff/RISCV-Processor/v1/code/instr_mem.v               ;         ;
; code/data_mem.v                  ; yes             ; User Verilog HDL File                       ; /home/bala/git_stuff/RISCV-Processor/v1/code/data_mem.v                ;         ;
; code/components/reset_ff.v       ; yes             ; User Verilog HDL File                       ; /home/bala/git_stuff/RISCV-Processor/v1/code/components/reset_ff.v     ;         ;
; code/components/reg_file.v       ; yes             ; User Verilog HDL File                       ; /home/bala/git_stuff/RISCV-Processor/v1/code/components/reg_file.v     ;         ;
; code/components/mux4.v           ; yes             ; User Verilog HDL File                       ; /home/bala/git_stuff/RISCV-Processor/v1/code/components/mux4.v         ;         ;
; code/components/mux3.v           ; yes             ; User Verilog HDL File                       ; /home/bala/git_stuff/RISCV-Processor/v1/code/components/mux3.v         ;         ;
; code/components/mux2.v           ; yes             ; User Verilog HDL File                       ; /home/bala/git_stuff/RISCV-Processor/v1/code/components/mux2.v         ;         ;
; code/components/main_decoder.v   ; yes             ; User Verilog HDL File                       ; /home/bala/git_stuff/RISCV-Processor/v1/code/components/main_decoder.v ;         ;
; code/components/imm_extend.v     ; yes             ; User Verilog HDL File                       ; /home/bala/git_stuff/RISCV-Processor/v1/code/components/imm_extend.v   ;         ;
; code/components/datapath.v       ; yes             ; User Verilog HDL File                       ; /home/bala/git_stuff/RISCV-Processor/v1/code/components/datapath.v     ;         ;
; code/components/controller.v     ; yes             ; User Verilog HDL File                       ; /home/bala/git_stuff/RISCV-Processor/v1/code/components/controller.v   ;         ;
; code/components/alu_decoder.v    ; yes             ; User Verilog HDL File                       ; /home/bala/git_stuff/RISCV-Processor/v1/code/components/alu_decoder.v  ;         ;
; code/components/alu.v            ; yes             ; User Verilog HDL File                       ; /home/bala/git_stuff/RISCV-Processor/v1/code/components/alu.v          ;         ;
; code/components/adder.v          ; yes             ; User Verilog HDL File                       ; /home/bala/git_stuff/RISCV-Processor/v1/code/components/adder.v        ;         ;
; code/rv32i_test.hex              ; yes             ; Auto-Found Hexadecimal (Intel-Format) File  ; /home/bala/git_stuff/RISCV-Processor/v1/code/rv32i_test.hex            ;         ;
+----------------------------------+-----------------+---------------------------------------------+------------------------------------------------------------------------+---------+


+---------------------------------------------------------+
; Analysis & Synthesis Resource Usage Summary             ;
+---------------------------------------------+-----------+
; Resource                                    ; Usage     ;
+---------------------------------------------+-----------+
; Estimated Total logic elements              ; 7,470     ;
;                                             ;           ;
; Total combinational functions               ; 5022      ;
; Logic element usage by number of LUT inputs ;           ;
;     -- 4 input functions                    ; 3882      ;
;     -- 3 input functions                    ; 1081      ;
;     -- <=2 input functions                  ; 59        ;
;                                             ;           ;
; Logic elements by mode                      ;           ;
;     -- normal mode                          ; 4858      ;
;     -- arithmetic mode                      ; 164       ;
;                                             ;           ;
; Total registers                             ; 3104      ;
;     -- Dedicated logic registers            ; 3104      ;
;     -- I/O registers                        ; 0         ;
;                                             ;           ;
; I/O pins                                    ; 228       ;
;                                             ;           ;
; Embedded Multiplier 9-bit elements          ; 0         ;
;                                             ;           ;
; Maximum fan-out node                        ; clk~input ;
; Maximum fan-out                             ; 3104      ;
; Total fan-out                               ; 29619     ;
; Average fan-out                             ; 3.45      ;
+---------------------------------------------+-----------+


+-------------------------------------------------------------------------------------------------------------------------------------------------------------------------------------------------------------------------------------------------------+
; Analysis & Synthesis Resource Utilization by Entity                                                                                                                                                                                                   ;
+------------------------------+---------------------+---------------------------+-------------+--------------+---------+-----------+------+--------------+--------------------------------------------------------------+---------------+--------------+
; Compilation Hierarchy Node   ; Combinational ALUTs ; Dedicated Logic Registers ; Memory Bits ; DSP Elements ; DSP 9x9 ; DSP 18x18 ; Pins ; Virtual Pins ; Full Hierarchy Name                                          ; Entity Name   ; Library Name ;
+------------------------------+---------------------+---------------------------+-------------+--------------+---------+-----------+------+--------------+--------------------------------------------------------------+---------------+--------------+
; |t1c_riscv_cpu               ; 5022 (66)           ; 3104 (0)                  ; 0           ; 0            ; 0       ; 0         ; 228  ; 0            ; |t1c_riscv_cpu                                               ; t1c_riscv_cpu ; work         ;
;    |data_mem:datamem|        ; 2310 (2310)         ; 2048 (2048)               ; 0           ; 0            ; 0       ; 0         ; 0    ; 0            ; |t1c_riscv_cpu|data_mem:datamem                              ; data_mem      ; work         ;
;    |instr_mem:instrmem|      ; 189 (189)           ; 0 (0)                     ; 0           ; 0            ; 0       ; 0         ; 0    ; 0            ; |t1c_riscv_cpu|instr_mem:instrmem                            ; instr_mem     ; work         ;
;    |riscv_cpu:rvcpu|         ; 2457 (0)            ; 1056 (0)                  ; 0           ; 0            ; 0       ; 0         ; 0    ; 0            ; |t1c_riscv_cpu|riscv_cpu:rvcpu                               ; riscv_cpu     ; work         ;
;       |controller:c|         ; 44 (1)              ; 0 (0)                     ; 0           ; 0            ; 0       ; 0         ; 0    ; 0            ; |t1c_riscv_cpu|riscv_cpu:rvcpu|controller:c                  ; controller    ; work         ;
;          |alu_decoder:ad|    ; 12 (12)             ; 0 (0)                     ; 0           ; 0            ; 0       ; 0         ; 0    ; 0            ; |t1c_riscv_cpu|riscv_cpu:rvcpu|controller:c|alu_decoder:ad   ; alu_decoder   ; work         ;
;          |main_decoder:md|   ; 31 (31)             ; 0 (0)                     ; 0           ; 0            ; 0       ; 0         ; 0    ; 0            ; |t1c_riscv_cpu|riscv_cpu:rvcpu|controller:c|main_decoder:md  ; main_decoder  ; work         ;
;       |datapath:dp|          ; 2413 (0)            ; 1056 (0)                  ; 0           ; 0            ; 0       ; 0         ; 0    ; 0            ; |t1c_riscv_cpu|riscv_cpu:rvcpu|datapath:dp                   ; datapath      ; work         ;
;          |adder:pcadd4|      ; 30 (30)             ; 0 (0)                     ; 0           ; 0            ; 0       ; 0         ; 0    ; 0            ; |t1c_riscv_cpu|riscv_cpu:rvcpu|datapath:dp|adder:pcadd4      ; adder         ; work         ;
;          |adder:pcaddbranch| ; 32 (32)             ; 0 (0)                     ; 0           ; 0            ; 0       ; 0         ; 0    ; 0            ; |t1c_riscv_cpu|riscv_cpu:rvcpu|datapath:dp|adder:pcaddbranch ; adder         ; work         ;
;          |alu:alu|           ; 748 (748)           ; 0 (0)                     ; 0           ; 0            ; 0       ; 0         ; 0    ; 0            ; |t1c_riscv_cpu|riscv_cpu:rvcpu|datapath:dp|alu:alu           ; alu           ; work         ;
;          |imm_extend:ext|    ; 37 (37)             ; 0 (0)                     ; 0           ; 0            ; 0       ; 0         ; 0    ; 0            ; |t1c_riscv_cpu|riscv_cpu:rvcpu|datapath:dp|imm_extend:ext    ; imm_extend    ; work         ;
;          |mux2:srcbmux|      ; 41 (41)             ; 0 (0)                     ; 0           ; 0            ; 0       ; 0         ; 0    ; 0            ; |t1c_riscv_cpu|riscv_cpu:rvcpu|datapath:dp|mux2:srcbmux      ; mux2          ; work         ;
;          |mux3:pcmux|        ; 3 (3)               ; 0 (0)                     ; 0           ; 0            ; 0       ; 0         ; 0    ; 0            ; |t1c_riscv_cpu|riscv_cpu:rvcpu|datapath:dp|mux3:pcmux        ; mux3          ; work         ;
;          |mux4:resultmux|    ; 64 (64)             ; 0 (0)                     ; 0           ; 0            ; 0       ; 0         ; 0    ; 0            ; |t1c_riscv_cpu|riscv_cpu:rvcpu|datapath:dp|mux4:resultmux    ; mux4          ; work         ;
;          |reg_file:rf|       ; 1428 (1428)         ; 1024 (1024)               ; 0           ; 0            ; 0       ; 0         ; 0    ; 0            ; |t1c_riscv_cpu|riscv_cpu:rvcpu|datapath:dp|reg_file:rf       ; reg_file      ; work         ;
;          |reset_ff:pcreg|    ; 30 (30)             ; 32 (32)                   ; 0           ; 0            ; 0       ; 0         ; 0    ; 0            ; |t1c_riscv_cpu|riscv_cpu:rvcpu|datapath:dp|reset_ff:pcreg    ; reset_ff      ; work         ;
+------------------------------+---------------------+---------------------------+-------------+--------------+---------+-----------+------+--------------+--------------------------------------------------------------+---------------+--------------+
Note: For table entries with two numbers listed, the numbers in parentheses indicate the number of resources of the given type used by the specific entity alone. The numbers listed outside of parentheses indicate the total resources of the given type used by the specific entity and all of its sub-entities in the hierarchy.


+------------------------------------------------------+
; General Register Statistics                          ;
+----------------------------------------------+-------+
; Statistic                                    ; Value ;
+----------------------------------------------+-------+
; Total registers                              ; 3104  ;
; Number of registers using Synchronous Clear  ; 0     ;
; Number of registers using Synchronous Load   ; 542   ;
; Number of registers using Asynchronous Clear ; 32    ;
; Number of registers using Asynchronous Load  ; 0     ;
; Number of registers using Clock Enable       ; 3018  ;
; Number of registers using Preset             ; 0     ;
+----------------------------------------------+-------+


+-------------------------------------------------------------------------------------------------------------------------------------------------------------------------------+
; Multiplexer Restructuring Statistics (Restructuring Performed)                                                                                                                ;
+--------------------+-----------+---------------+----------------------+------------------------+------------+-----------------------------------------------------------------+
; Multiplexer Inputs ; Bus Width ; Baseline Area ; Area if Restructured ; Saving if Restructured ; Registered ; Example Multiplexer Output                                      ;
+--------------------+-----------+---------------+----------------------+------------------------+------------+-----------------------------------------------------------------+
; 3:1                ; 2 bits    ; 4 LEs         ; 2 LEs                ; 2 LEs                  ; Yes        ; |t1c_riscv_cpu|riscv_cpu:rvcpu|datapath:dp|reset_ff:pcreg|q[0]  ;
; 3:1                ; 30 bits   ; 60 LEs        ; 60 LEs               ; 0 LEs                  ; Yes        ; |t1c_riscv_cpu|riscv_cpu:rvcpu|datapath:dp|reset_ff:pcreg|q[10] ;
; 4:1                ; 8 bits    ; 16 LEs        ; 0 LEs                ; 16 LEs                 ; Yes        ; |t1c_riscv_cpu|data_mem:datamem|data_ram[63][1]                 ;
; 5:1                ; 8 bits    ; 24 LEs        ; 8 LEs                ; 16 LEs                 ; Yes        ; |t1c_riscv_cpu|data_mem:datamem|data_ram[63][12]                ;
; 6:1                ; 8 bits    ; 32 LEs        ; 16 LEs               ; 16 LEs                 ; Yes        ; |t1c_riscv_cpu|data_mem:datamem|data_ram[63][28]                ;
; 4:1                ; 8 bits    ; 16 LEs        ; 0 LEs                ; 16 LEs                 ; Yes        ; |t1c_riscv_cpu|data_mem:datamem|data_ram[62][1]                 ;
; 5:1                ; 8 bits    ; 24 LEs        ; 8 LEs                ; 16 LEs                 ; Yes        ; |t1c_riscv_cpu|data_mem:datamem|data_ram[62][14]                ;
; 6:1                ; 8 bits    ; 32 LEs        ; 16 LEs               ; 16 LEs                 ; Yes        ; |t1c_riscv_cpu|data_mem:datamem|data_ram[62][26]                ;
; 4:1                ; 8 bits    ; 16 LEs        ; 0 LEs                ; 16 LEs                 ; Yes        ; |t1c_riscv_cpu|data_mem:datamem|data_ram[61][1]                 ;
; 5:1                ; 8 bits    ; 24 LEs        ; 8 LEs                ; 16 LEs                 ; Yes        ; |t1c_riscv_cpu|data_mem:datamem|data_ram[61][10]                ;
; 6:1                ; 8 bits    ; 32 LEs        ; 16 LEs               ; 16 LEs                 ; Yes        ; |t1c_riscv_cpu|data_mem:datamem|data_ram[61][24]                ;
; 4:1                ; 8 bits    ; 16 LEs        ; 0 LEs                ; 16 LEs                 ; Yes        ; |t1c_riscv_cpu|data_mem:datamem|data_ram[60][6]                 ;
; 5:1                ; 8 bits    ; 24 LEs        ; 8 LEs                ; 16 LEs                 ; Yes        ; |t1c_riscv_cpu|data_mem:datamem|data_ram[60][14]                ;
; 6:1                ; 8 bits    ; 32 LEs        ; 16 LEs               ; 16 LEs                 ; Yes        ; |t1c_riscv_cpu|data_mem:datamem|data_ram[60][28]                ;
; 4:1                ; 8 bits    ; 16 LEs        ; 0 LEs                ; 16 LEs                 ; Yes        ; |t1c_riscv_cpu|data_mem:datamem|data_ram[59][3]                 ;
; 5:1                ; 8 bits    ; 24 LEs        ; 8 LEs                ; 16 LEs                 ; Yes        ; |t1c_riscv_cpu|data_mem:datamem|data_ram[59][10]                ;
; 6:1                ; 8 bits    ; 32 LEs        ; 16 LEs               ; 16 LEs                 ; Yes        ; |t1c_riscv_cpu|data_mem:datamem|data_ram[59][29]                ;
; 4:1                ; 8 bits    ; 16 LEs        ; 0 LEs                ; 16 LEs                 ; Yes        ; |t1c_riscv_cpu|data_mem:datamem|data_ram[58][6]                 ;
; 5:1                ; 8 bits    ; 24 LEs        ; 8 LEs                ; 16 LEs                 ; Yes        ; |t1c_riscv_cpu|data_mem:datamem|data_ram[58][8]                 ;
; 6:1                ; 8 bits    ; 32 LEs        ; 16 LEs               ; 16 LEs                 ; Yes        ; |t1c_riscv_cpu|data_mem:datamem|data_ram[58][27]                ;
; 4:1                ; 8 bits    ; 16 LEs        ; 0 LEs                ; 16 LEs                 ; Yes        ; |t1c_riscv_cpu|data_mem:datamem|data_ram[57][2]                 ;
; 5:1                ; 8 bits    ; 24 LEs        ; 8 LEs                ; 16 LEs                 ; Yes        ; |t1c_riscv_cpu|data_mem:datamem|data_ram[57][12]                ;
; 6:1                ; 8 bits    ; 32 LEs        ; 16 LEs               ; 16 LEs                 ; Yes        ; |t1c_riscv_cpu|data_mem:datamem|data_ram[57][30]                ;
; 4:1                ; 8 bits    ; 16 LEs        ; 0 LEs                ; 16 LEs                 ; Yes        ; |t1c_riscv_cpu|data_mem:datamem|data_ram[56][7]                 ;
; 5:1                ; 8 bits    ; 24 LEs        ; 8 LEs                ; 16 LEs                 ; Yes        ; |t1c_riscv_cpu|data_mem:datamem|data_ram[56][13]                ;
; 6:1                ; 8 bits    ; 32 LEs        ; 16 LEs               ; 16 LEs                 ; Yes        ; |t1c_riscv_cpu|data_mem:datamem|data_ram[56][24]                ;
; 4:1                ; 8 bits    ; 16 LEs        ; 0 LEs                ; 16 LEs                 ; Yes        ; |t1c_riscv_cpu|data_mem:datamem|data_ram[55][4]                 ;
; 5:1                ; 7 bits    ; 21 LEs        ; 7 LEs                ; 14 LEs                 ; Yes        ; |t1c_riscv_cpu|data_mem:datamem|data_ram[55][12]                ;
; 6:1                ; 8 bits    ; 32 LEs        ; 16 LEs               ; 16 LEs                 ; Yes        ; |t1c_riscv_cpu|data_mem:datamem|data_ram[55][31]                ;
; 4:1                ; 7 bits    ; 14 LEs        ; 0 LEs                ; 14 LEs                 ; Yes        ; |t1c_riscv_cpu|data_mem:datamem|data_ram[54][5]                 ;
; 5:1                ; 8 bits    ; 24 LEs        ; 8 LEs                ; 16 LEs                 ; Yes        ; |t1c_riscv_cpu|data_mem:datamem|data_ram[54][15]                ;
; 6:1                ; 8 bits    ; 32 LEs        ; 16 LEs               ; 16 LEs                 ; Yes        ; |t1c_riscv_cpu|data_mem:datamem|data_ram[54][29]                ;
; 4:1                ; 7 bits    ; 14 LEs        ; 0 LEs                ; 14 LEs                 ; Yes        ; |t1c_riscv_cpu|data_mem:datamem|data_ram[53][4]                 ;
; 5:1                ; 8 bits    ; 24 LEs        ; 8 LEs                ; 16 LEs                 ; Yes        ; |t1c_riscv_cpu|data_mem:datamem|data_ram[53][11]                ;
; 6:1                ; 8 bits    ; 32 LEs        ; 16 LEs               ; 16 LEs                 ; Yes        ; |t1c_riscv_cpu|data_mem:datamem|data_ram[53][30]                ;
; 4:1                ; 7 bits    ; 14 LEs        ; 0 LEs                ; 14 LEs                 ; Yes        ; |t1c_riscv_cpu|data_mem:datamem|data_ram[52][1]                 ;
; 5:1                ; 8 bits    ; 24 LEs        ; 8 LEs                ; 16 LEs                 ; Yes        ; |t1c_riscv_cpu|data_mem:datamem|data_ram[52][8]                 ;
; 6:1                ; 8 bits    ; 32 LEs        ; 16 LEs               ; 16 LEs                 ; Yes        ; |t1c_riscv_cpu|data_mem:datamem|data_ram[52][30]                ;
; 4:1                ; 7 bits    ; 14 LEs        ; 0 LEs                ; 14 LEs                 ; Yes        ; |t1c_riscv_cpu|data_mem:datamem|data_ram[51][3]                 ;
; 5:1                ; 8 bits    ; 24 LEs        ; 8 LEs                ; 16 LEs                 ; Yes        ; |t1c_riscv_cpu|data_mem:datamem|data_ram[51][12]                ;
; 6:1                ; 8 bits    ; 32 LEs        ; 16 LEs               ; 16 LEs                 ; Yes        ; |t1c_riscv_cpu|data_mem:datamem|data_ram[51][30]                ;
; 4:1                ; 7 bits    ; 14 LEs        ; 0 LEs                ; 14 LEs                 ; Yes        ; |t1c_riscv_cpu|data_mem:datamem|data_ram[50][2]                 ;
; 5:1                ; 8 bits    ; 24 LEs        ; 8 LEs                ; 16 LEs                 ; Yes        ; |t1c_riscv_cpu|data_mem:datamem|data_ram[50][9]                 ;
; 6:1                ; 8 bits    ; 32 LEs        ; 16 LEs               ; 16 LEs                 ; Yes        ; |t1c_riscv_cpu|data_mem:datamem|data_ram[50][28]                ;
; 4:1                ; 7 bits    ; 14 LEs        ; 0 LEs                ; 14 LEs                 ; Yes        ; |t1c_riscv_cpu|data_mem:datamem|data_ram[49][7]                 ;
; 5:1                ; 8 bits    ; 24 LEs        ; 8 LEs                ; 16 LEs                 ; Yes        ; |t1c_riscv_cpu|data_mem:datamem|data_ram[49][15]                ;
; 6:1                ; 8 bits    ; 32 LEs        ; 16 LEs               ; 16 LEs                 ; Yes        ; |t1c_riscv_cpu|data_mem:datamem|data_ram[49][31]                ;
; 4:1                ; 7 bits    ; 14 LEs        ; 0 LEs                ; 14 LEs                 ; Yes        ; |t1c_riscv_cpu|data_mem:datamem|data_ram[48][1]                 ;
; 5:1                ; 8 bits    ; 24 LEs        ; 8 LEs                ; 16 LEs                 ; Yes        ; |t1c_riscv_cpu|data_mem:datamem|data_ram[48][14]                ;
; 6:1                ; 8 bits    ; 32 LEs        ; 16 LEs               ; 16 LEs                 ; Yes        ; |t1c_riscv_cpu|data_mem:datamem|data_ram[48][26]                ;
; 4:1                ; 7 bits    ; 14 LEs        ; 0 LEs                ; 14 LEs                 ; Yes        ; |t1c_riscv_cpu|data_mem:datamem|data_ram[47][1]                 ;
; 5:1                ; 8 bits    ; 24 LEs        ; 8 LEs                ; 16 LEs                 ; Yes        ; |t1c_riscv_cpu|data_mem:datamem|data_ram[47][9]                 ;
; 6:1                ; 8 bits    ; 32 LEs        ; 16 LEs               ; 16 LEs                 ; Yes        ; |t1c_riscv_cpu|data_mem:datamem|data_ram[47][31]                ;
; 4:1                ; 7 bits    ; 14 LEs        ; 0 LEs                ; 14 LEs                 ; Yes        ; |t1c_riscv_cpu|data_mem:datamem|data_ram[46][2]                 ;
; 5:1                ; 8 bits    ; 24 LEs        ; 8 LEs                ; 16 LEs                 ; Yes        ; |t1c_riscv_cpu|data_mem:datamem|data_ram[46][10]                ;
; 6:1                ; 8 bits    ; 32 LEs        ; 16 LEs               ; 16 LEs                 ; Yes        ; |t1c_riscv_cpu|data_mem:datamem|data_ram[46][27]                ;
; 4:1                ; 7 bits    ; 14 LEs        ; 0 LEs                ; 14 LEs                 ; Yes        ; |t1c_riscv_cpu|data_mem:datamem|data_ram[45][7]                 ;
; 5:1                ; 8 bits    ; 24 LEs        ; 8 LEs                ; 16 LEs                 ; Yes        ; |t1c_riscv_cpu|data_mem:datamem|data_ram[45][11]                ;
; 6:1                ; 8 bits    ; 32 LEs        ; 16 LEs               ; 16 LEs                 ; Yes        ; |t1c_riscv_cpu|data_mem:datamem|data_ram[45][31]                ;
; 4:1                ; 7 bits    ; 14 LEs        ; 0 LEs                ; 14 LEs                 ; Yes        ; |t1c_riscv_cpu|data_mem:datamem|data_ram[44][1]                 ;
; 5:1                ; 8 bits    ; 24 LEs        ; 8 LEs                ; 16 LEs                 ; Yes        ; |t1c_riscv_cpu|data_mem:datamem|data_ram[44][10]                ;
; 6:1                ; 8 bits    ; 32 LEs        ; 16 LEs               ; 16 LEs                 ; Yes        ; |t1c_riscv_cpu|data_mem:datamem|data_ram[44][30]                ;
; 4:1                ; 7 bits    ; 14 LEs        ; 0 LEs                ; 14 LEs                 ; Yes        ; |t1c_riscv_cpu|data_mem:datamem|data_ram[43][4]                 ;
; 5:1                ; 8 bits    ; 24 LEs        ; 8 LEs                ; 16 LEs                 ; Yes        ; |t1c_riscv_cpu|data_mem:datamem|data_ram[43][15]                ;
; 6:1                ; 8 bits    ; 32 LEs        ; 16 LEs               ; 16 LEs                 ; Yes        ; |t1c_riscv_cpu|data_mem:datamem|data_ram[43][24]                ;
; 4:1                ; 7 bits    ; 14 LEs        ; 0 LEs                ; 14 LEs                 ; Yes        ; |t1c_riscv_cpu|data_mem:datamem|data_ram[42][7]                 ;
; 5:1                ; 8 bits    ; 24 LEs        ; 8 LEs                ; 16 LEs                 ; Yes        ; |t1c_riscv_cpu|data_mem:datamem|data_ram[42][13]                ;
; 6:1                ; 8 bits    ; 32 LEs        ; 16 LEs               ; 16 LEs                 ; Yes        ; |t1c_riscv_cpu|data_mem:datamem|data_ram[42][30]                ;
; 4:1                ; 7 bits    ; 14 LEs        ; 0 LEs                ; 14 LEs                 ; Yes        ; |t1c_riscv_cpu|data_mem:datamem|data_ram[41][3]                 ;
; 5:1                ; 8 bits    ; 24 LEs        ; 8 LEs                ; 16 LEs                 ; Yes        ; |t1c_riscv_cpu|data_mem:datamem|data_ram[41][13]                ;
; 6:1                ; 8 bits    ; 32 LEs        ; 16 LEs               ; 16 LEs                 ; Yes        ; |t1c_riscv_cpu|data_mem:datamem|data_ram[41][31]                ;
; 4:1                ; 7 bits    ; 14 LEs        ; 0 LEs                ; 14 LEs                 ; Yes        ; |t1c_riscv_cpu|data_mem:datamem|data_ram[40][3]                 ;
; 5:1                ; 8 bits    ; 24 LEs        ; 8 LEs                ; 16 LEs                 ; Yes        ; |t1c_riscv_cpu|data_mem:datamem|data_ram[40][12]                ;
; 6:1                ; 8 bits    ; 32 LEs        ; 16 LEs               ; 16 LEs                 ; Yes        ; |t1c_riscv_cpu|data_mem:datamem|data_ram[40][31]                ;
; 4:1                ; 7 bits    ; 14 LEs        ; 0 LEs                ; 14 LEs                 ; Yes        ; |t1c_riscv_cpu|data_mem:datamem|data_ram[39][7]                 ;
; 5:1                ; 8 bits    ; 24 LEs        ; 8 LEs                ; 16 LEs                 ; Yes        ; |t1c_riscv_cpu|data_mem:datamem|data_ram[39][9]                 ;
; 6:1                ; 8 bits    ; 32 LEs        ; 16 LEs               ; 16 LEs                 ; Yes        ; |t1c_riscv_cpu|data_mem:datamem|data_ram[39][29]                ;
; 4:1                ; 7 bits    ; 14 LEs        ; 0 LEs                ; 14 LEs                 ; Yes        ; |t1c_riscv_cpu|data_mem:datamem|data_ram[38][1]                 ;
; 5:1                ; 8 bits    ; 24 LEs        ; 8 LEs                ; 16 LEs                 ; Yes        ; |t1c_riscv_cpu|data_mem:datamem|data_ram[38][13]                ;
; 6:1                ; 8 bits    ; 32 LEs        ; 16 LEs               ; 16 LEs                 ; Yes        ; |t1c_riscv_cpu|data_mem:datamem|data_ram[38][28]                ;
; 4:1                ; 7 bits    ; 14 LEs        ; 0 LEs                ; 14 LEs                 ; Yes        ; |t1c_riscv_cpu|data_mem:datamem|data_ram[37][1]                 ;
; 5:1                ; 8 bits    ; 24 LEs        ; 8 LEs                ; 16 LEs                 ; Yes        ; |t1c_riscv_cpu|data_mem:datamem|data_ram[37][13]                ;
; 6:1                ; 8 bits    ; 32 LEs        ; 16 LEs               ; 16 LEs                 ; Yes        ; |t1c_riscv_cpu|data_mem:datamem|data_ram[37][29]                ;
; 4:1                ; 7 bits    ; 14 LEs        ; 0 LEs                ; 14 LEs                 ; Yes        ; |t1c_riscv_cpu|data_mem:datamem|data_ram[36][7]                 ;
; 5:1                ; 8 bits    ; 24 LEs        ; 8 LEs                ; 16 LEs                 ; Yes        ; |t1c_riscv_cpu|data_mem:datamem|data_ram[36][11]                ;
; 6:1                ; 8 bits    ; 32 LEs        ; 16 LEs               ; 16 LEs                 ; Yes        ; |t1c_riscv_cpu|data_mem:datamem|data_ram[36][24]                ;
; 4:1                ; 7 bits    ; 14 LEs        ; 0 LEs                ; 14 LEs                 ; Yes        ; |t1c_riscv_cpu|data_mem:datamem|data_ram[35][1]                 ;
; 5:1                ; 8 bits    ; 24 LEs        ; 8 LEs                ; 16 LEs                 ; Yes        ; |t1c_riscv_cpu|data_mem:datamem|data_ram[35][12]                ;
; 6:1                ; 8 bits    ; 32 LEs        ; 16 LEs               ; 16 LEs                 ; Yes        ; |t1c_riscv_cpu|data_mem:datamem|data_ram[35][30]                ;
; 4:1                ; 7 bits    ; 14 LEs        ; 0 LEs                ; 14 LEs                 ; Yes        ; |t1c_riscv_cpu|data_mem:datamem|data_ram[34][2]                 ;
; 5:1                ; 8 bits    ; 24 LEs        ; 8 LEs                ; 16 LEs                 ; Yes        ; |t1c_riscv_cpu|data_mem:datamem|data_ram[34][10]                ;
; 6:1                ; 8 bits    ; 32 LEs        ; 16 LEs               ; 16 LEs                 ; Yes        ; |t1c_riscv_cpu|data_mem:datamem|data_ram[34][26]                ;
; 4:1                ; 7 bits    ; 14 LEs        ; 0 LEs                ; 14 LEs                 ; Yes        ; |t1c_riscv_cpu|data_mem:datamem|data_ram[33][6]                 ;
; 5:1                ; 8 bits    ; 24 LEs        ; 8 LEs                ; 16 LEs                 ; Yes        ; |t1c_riscv_cpu|data_mem:datamem|data_ram[33][14]                ;
; 6:1                ; 8 bits    ; 32 LEs        ; 16 LEs               ; 16 LEs                 ; Yes        ; |t1c_riscv_cpu|data_mem:datamem|data_ram[33][24]                ;
; 4:1                ; 7 bits    ; 14 LEs        ; 0 LEs                ; 14 LEs                 ; Yes        ; |t1c_riscv_cpu|data_mem:datamem|data_ram[32][7]                 ;
; 5:1                ; 8 bits    ; 24 LEs        ; 8 LEs                ; 16 LEs                 ; Yes        ; |t1c_riscv_cpu|data_mem:datamem|data_ram[32][11]                ;
; 6:1                ; 8 bits    ; 32 LEs        ; 16 LEs               ; 16 LEs                 ; Yes        ; |t1c_riscv_cpu|data_mem:datamem|data_ram[32][30]                ;
; 4:1                ; 7 bits    ; 14 LEs        ; 0 LEs                ; 14 LEs                 ; Yes        ; |t1c_riscv_cpu|data_mem:datamem|data_ram[31][7]                 ;
; 5:1                ; 8 bits    ; 24 LEs        ; 8 LEs                ; 16 LEs                 ; Yes        ; |t1c_riscv_cpu|data_mem:datamem|data_ram[31][13]                ;
; 6:1                ; 8 bits    ; 32 LEs        ; 16 LEs               ; 16 LEs                 ; Yes        ; |t1c_riscv_cpu|data_mem:datamem|data_ram[31][30]                ;
; 4:1                ; 7 bits    ; 14 LEs        ; 0 LEs                ; 14 LEs                 ; Yes        ; |t1c_riscv_cpu|data_mem:datamem|data_ram[30][4]                 ;
; 5:1                ; 8 bits    ; 24 LEs        ; 8 LEs                ; 16 LEs                 ; Yes        ; |t1c_riscv_cpu|data_mem:datamem|data_ram[30][10]                ;
; 6:1                ; 8 bits    ; 32 LEs        ; 16 LEs               ; 16 LEs                 ; Yes        ; |t1c_riscv_cpu|data_mem:datamem|data_ram[30][27]                ;
; 4:1                ; 7 bits    ; 14 LEs        ; 0 LEs                ; 14 LEs                 ; Yes        ; |t1c_riscv_cpu|data_mem:datamem|data_ram[29][5]                 ;
; 5:1                ; 8 bits    ; 24 LEs        ; 8 LEs                ; 16 LEs                 ; Yes        ; |t1c_riscv_cpu|data_mem:datamem|data_ram[29][9]                 ;
; 6:1                ; 8 bits    ; 32 LEs        ; 16 LEs               ; 16 LEs                 ; Yes        ; |t1c_riscv_cpu|data_mem:datamem|data_ram[29][31]                ;
; 4:1                ; 7 bits    ; 14 LEs        ; 0 LEs                ; 14 LEs                 ; Yes        ; |t1c_riscv_cpu|data_mem:datamem|data_ram[28][5]                 ;
; 5:1                ; 8 bits    ; 24 LEs        ; 8 LEs                ; 16 LEs                 ; Yes        ; |t1c_riscv_cpu|data_mem:datamem|data_ram[28][11]                ;
; 6:1                ; 8 bits    ; 32 LEs        ; 16 LEs               ; 16 LEs                 ; Yes        ; |t1c_riscv_cpu|data_mem:datamem|data_ram[28][27]                ;
; 4:1                ; 7 bits    ; 14 LEs        ; 0 LEs                ; 14 LEs                 ; Yes        ; |t1c_riscv_cpu|data_mem:datamem|data_ram[27][6]                 ;
; 5:1                ; 8 bits    ; 24 LEs        ; 8 LEs                ; 16 LEs                 ; Yes        ; |t1c_riscv_cpu|data_mem:datamem|data_ram[27][12]                ;
; 6:1                ; 8 bits    ; 32 LEs        ; 16 LEs               ; 16 LEs                 ; Yes        ; |t1c_riscv_cpu|data_mem:datamem|data_ram[27][31]                ;
; 4:1                ; 7 bits    ; 14 LEs        ; 0 LEs                ; 14 LEs                 ; Yes        ; |t1c_riscv_cpu|data_mem:datamem|data_ram[26][1]                 ;
; 5:1                ; 8 bits    ; 24 LEs        ; 8 LEs                ; 16 LEs                 ; Yes        ; |t1c_riscv_cpu|data_mem:datamem|data_ram[26][13]                ;
; 6:1                ; 8 bits    ; 32 LEs        ; 16 LEs               ; 16 LEs                 ; Yes        ; |t1c_riscv_cpu|data_mem:datamem|data_ram[26][26]                ;
; 4:1                ; 7 bits    ; 14 LEs        ; 0 LEs                ; 14 LEs                 ; Yes        ; |t1c_riscv_cpu|data_mem:datamem|data_ram[25][2]                 ;
; 5:1                ; 8 bits    ; 24 LEs        ; 8 LEs                ; 16 LEs                 ; Yes        ; |t1c_riscv_cpu|data_mem:datamem|data_ram[25][14]                ;
; 6:1                ; 8 bits    ; 32 LEs        ; 16 LEs               ; 16 LEs                 ; Yes        ; |t1c_riscv_cpu|data_mem:datamem|data_ram[25][28]                ;
; 4:1                ; 7 bits    ; 14 LEs        ; 0 LEs                ; 14 LEs                 ; Yes        ; |t1c_riscv_cpu|data_mem:datamem|data_ram[24][4]                 ;
; 5:1                ; 8 bits    ; 24 LEs        ; 8 LEs                ; 16 LEs                 ; Yes        ; |t1c_riscv_cpu|data_mem:datamem|data_ram[24][14]                ;
; 6:1                ; 8 bits    ; 32 LEs        ; 16 LEs               ; 16 LEs                 ; Yes        ; |t1c_riscv_cpu|data_mem:datamem|data_ram[24][28]                ;
; 4:1                ; 7 bits    ; 14 LEs        ; 0 LEs                ; 14 LEs                 ; Yes        ; |t1c_riscv_cpu|data_mem:datamem|data_ram[23][7]                 ;
; 5:1                ; 8 bits    ; 24 LEs        ; 8 LEs                ; 16 LEs                 ; Yes        ; |t1c_riscv_cpu|data_mem:datamem|data_ram[23][15]                ;
; 6:1                ; 8 bits    ; 32 LEs        ; 16 LEs               ; 16 LEs                 ; Yes        ; |t1c_riscv_cpu|data_mem:datamem|data_ram[23][26]                ;
; 4:1                ; 7 bits    ; 14 LEs        ; 0 LEs                ; 14 LEs                 ; Yes        ; |t1c_riscv_cpu|data_mem:datamem|data_ram[22][3]                 ;
; 5:1                ; 8 bits    ; 24 LEs        ; 8 LEs                ; 16 LEs                 ; Yes        ; |t1c_riscv_cpu|data_mem:datamem|data_ram[22][8]                 ;
; 6:1                ; 8 bits    ; 32 LEs        ; 16 LEs               ; 16 LEs                 ; Yes        ; |t1c_riscv_cpu|data_mem:datamem|data_ram[22][26]                ;
; 4:1                ; 7 bits    ; 14 LEs        ; 0 LEs                ; 14 LEs                 ; Yes        ; |t1c_riscv_cpu|data_mem:datamem|data_ram[21][3]                 ;
; 5:1                ; 8 bits    ; 24 LEs        ; 8 LEs                ; 16 LEs                 ; Yes        ; |t1c_riscv_cpu|data_mem:datamem|data_ram[21][14]                ;
; 6:1                ; 8 bits    ; 32 LEs        ; 16 LEs               ; 16 LEs                 ; Yes        ; |t1c_riscv_cpu|data_mem:datamem|data_ram[21][24]                ;
; 4:1                ; 7 bits    ; 14 LEs        ; 0 LEs                ; 14 LEs                 ; Yes        ; |t1c_riscv_cpu|data_mem:datamem|data_ram[20][7]                 ;
; 5:1                ; 8 bits    ; 24 LEs        ; 8 LEs                ; 16 LEs                 ; Yes        ; |t1c_riscv_cpu|data_mem:datamem|data_ram[20][9]                 ;
; 6:1                ; 8 bits    ; 32 LEs        ; 16 LEs               ; 16 LEs                 ; Yes        ; |t1c_riscv_cpu|data_mem:datamem|data_ram[20][25]                ;
; 4:1                ; 7 bits    ; 14 LEs        ; 0 LEs                ; 14 LEs                 ; Yes        ; |t1c_riscv_cpu|data_mem:datamem|data_ram[19][1]                 ;
; 5:1                ; 8 bits    ; 24 LEs        ; 8 LEs                ; 16 LEs                 ; Yes        ; |t1c_riscv_cpu|data_mem:datamem|data_ram[19][9]                 ;
; 6:1                ; 8 bits    ; 32 LEs        ; 16 LEs               ; 16 LEs                 ; Yes        ; |t1c_riscv_cpu|data_mem:datamem|data_ram[19][27]                ;
; 4:1                ; 7 bits    ; 14 LEs        ; 0 LEs                ; 14 LEs                 ; Yes        ; |t1c_riscv_cpu|data_mem:datamem|data_ram[18][1]                 ;
; 5:1                ; 8 bits    ; 24 LEs        ; 8 LEs                ; 16 LEs                 ; Yes        ; |t1c_riscv_cpu|data_mem:datamem|data_ram[18][12]                ;
; 6:1                ; 8 bits    ; 32 LEs        ; 16 LEs               ; 16 LEs                 ; Yes        ; |t1c_riscv_cpu|data_mem:datamem|data_ram[18][25]                ;
; 4:1                ; 7 bits    ; 14 LEs        ; 0 LEs                ; 14 LEs                 ; Yes        ; |t1c_riscv_cpu|data_mem:datamem|data_ram[17][2]                 ;
; 5:1                ; 8 bits    ; 24 LEs        ; 8 LEs                ; 16 LEs                 ; Yes        ; |t1c_riscv_cpu|data_mem:datamem|data_ram[17][13]                ;
; 6:1                ; 8 bits    ; 32 LEs        ; 16 LEs               ; 16 LEs                 ; Yes        ; |t1c_riscv_cpu|data_mem:datamem|data_ram[17][25]                ;
; 4:1                ; 7 bits    ; 14 LEs        ; 0 LEs                ; 14 LEs                 ; Yes        ; |t1c_riscv_cpu|data_mem:datamem|data_ram[16][2]                 ;
; 5:1                ; 8 bits    ; 24 LEs        ; 8 LEs                ; 16 LEs                 ; Yes        ; |t1c_riscv_cpu|data_mem:datamem|data_ram[16][14]                ;
; 6:1                ; 8 bits    ; 32 LEs        ; 16 LEs               ; 16 LEs                 ; Yes        ; |t1c_riscv_cpu|data_mem:datamem|data_ram[16][31]                ;
; 4:1                ; 7 bits    ; 14 LEs        ; 0 LEs                ; 14 LEs                 ; Yes        ; |t1c_riscv_cpu|data_mem:datamem|data_ram[15][4]                 ;
; 5:1                ; 8 bits    ; 24 LEs        ; 8 LEs                ; 16 LEs                 ; Yes        ; |t1c_riscv_cpu|data_mem:datamem|data_ram[15][14]                ;
; 6:1                ; 8 bits    ; 32 LEs        ; 16 LEs               ; 16 LEs                 ; Yes        ; |t1c_riscv_cpu|data_mem:datamem|data_ram[15][30]                ;
; 4:1                ; 7 bits    ; 14 LEs        ; 0 LEs                ; 14 LEs                 ; Yes        ; |t1c_riscv_cpu|data_mem:datamem|data_ram[14][3]                 ;
; 5:1                ; 8 bits    ; 24 LEs        ; 8 LEs                ; 16 LEs                 ; Yes        ; |t1c_riscv_cpu|data_mem:datamem|data_ram[14][13]                ;
; 6:1                ; 8 bits    ; 32 LEs        ; 16 LEs               ; 16 LEs                 ; Yes        ; |t1c_riscv_cpu|data_mem:datamem|data_ram[14][28]                ;
; 4:1                ; 7 bits    ; 14 LEs        ; 0 LEs                ; 14 LEs                 ; Yes        ; |t1c_riscv_cpu|data_mem:datamem|data_ram[13][2]                 ;
; 5:1                ; 8 bits    ; 24 LEs        ; 8 LEs                ; 16 LEs                 ; Yes        ; |t1c_riscv_cpu|data_mem:datamem|data_ram[13][13]                ;
; 6:1                ; 8 bits    ; 32 LEs        ; 16 LEs               ; 16 LEs                 ; Yes        ; |t1c_riscv_cpu|data_mem:datamem|data_ram[13][27]                ;
; 4:1                ; 7 bits    ; 14 LEs        ; 0 LEs                ; 14 LEs                 ; Yes        ; |t1c_riscv_cpu|data_mem:datamem|data_ram[12][5]                 ;
; 5:1                ; 8 bits    ; 24 LEs        ; 8 LEs                ; 16 LEs                 ; Yes        ; |t1c_riscv_cpu|data_mem:datamem|data_ram[12][9]                 ;
; 6:1                ; 8 bits    ; 32 LEs        ; 16 LEs               ; 16 LEs                 ; Yes        ; |t1c_riscv_cpu|data_mem:datamem|data_ram[12][26]                ;
; 4:1                ; 7 bits    ; 14 LEs        ; 0 LEs                ; 14 LEs                 ; Yes        ; |t1c_riscv_cpu|data_mem:datamem|data_ram[11][6]                 ;
; 5:1                ; 8 bits    ; 24 LEs        ; 8 LEs                ; 16 LEs                 ; Yes        ; |t1c_riscv_cpu|data_mem:datamem|data_ram[11][11]                ;
; 6:1                ; 8 bits    ; 32 LEs        ; 16 LEs               ; 16 LEs                 ; Yes        ; |t1c_riscv_cpu|data_mem:datamem|data_ram[11][28]                ;
; 4:1                ; 7 bits    ; 14 LEs        ; 0 LEs                ; 14 LEs                 ; Yes        ; |t1c_riscv_cpu|data_mem:datamem|data_ram[10][2]                 ;
; 5:1                ; 8 bits    ; 24 LEs        ; 8 LEs                ; 16 LEs                 ; Yes        ; |t1c_riscv_cpu|data_mem:datamem|data_ram[10][8]                 ;
; 6:1                ; 8 bits    ; 32 LEs        ; 16 LEs               ; 16 LEs                 ; Yes        ; |t1c_riscv_cpu|data_mem:datamem|data_ram[10][26]                ;
; 4:1                ; 7 bits    ; 14 LEs        ; 0 LEs                ; 14 LEs                 ; Yes        ; |t1c_riscv_cpu|data_mem:datamem|data_ram[9][7]                  ;
; 5:1                ; 8 bits    ; 24 LEs        ; 8 LEs                ; 16 LEs                 ; Yes        ; |t1c_riscv_cpu|data_mem:datamem|data_ram[9][9]                  ;
; 6:1                ; 8 bits    ; 32 LEs        ; 16 LEs               ; 16 LEs                 ; Yes        ; |t1c_riscv_cpu|data_mem:datamem|data_ram[9][27]                 ;
; 4:1                ; 7 bits    ; 14 LEs        ; 0 LEs                ; 14 LEs                 ; Yes        ; |t1c_riscv_cpu|data_mem:datamem|data_ram[8][2]                  ;
; 5:1                ; 8 bits    ; 24 LEs        ; 8 LEs                ; 16 LEs                 ; Yes        ; |t1c_riscv_cpu|data_mem:datamem|data_ram[8][12]                 ;
; 6:1                ; 8 bits    ; 32 LEs        ; 16 LEs               ; 16 LEs                 ; Yes        ; |t1c_riscv_cpu|data_mem:datamem|data_ram[8][25]                 ;
; 4:1                ; 7 bits    ; 14 LEs        ; 0 LEs                ; 14 LEs                 ; Yes        ; |t1c_riscv_cpu|data_mem:datamem|data_ram[7][1]                  ;
; 5:1                ; 8 bits    ; 24 LEs        ; 8 LEs                ; 16 LEs                 ; Yes        ; |t1c_riscv_cpu|data_mem:datamem|data_ram[7][15]                 ;
; 6:1                ; 8 bits    ; 32 LEs        ; 16 LEs               ; 16 LEs                 ; Yes        ; |t1c_riscv_cpu|data_mem:datamem|data_ram[7][28]                 ;
; 4:1                ; 7 bits    ; 14 LEs        ; 0 LEs                ; 14 LEs                 ; Yes        ; |t1c_riscv_cpu|data_mem:datamem|data_ram[6][1]                  ;
; 5:1                ; 8 bits    ; 24 LEs        ; 8 LEs                ; 16 LEs                 ; Yes        ; |t1c_riscv_cpu|data_mem:datamem|data_ram[6][14]                 ;
; 6:1                ; 8 bits    ; 32 LEs        ; 16 LEs               ; 16 LEs                 ; Yes        ; |t1c_riscv_cpu|data_mem:datamem|data_ram[6][25]                 ;
; 4:1                ; 7 bits    ; 14 LEs        ; 0 LEs                ; 14 LEs                 ; Yes        ; |t1c_riscv_cpu|data_mem:datamem|data_ram[5][3]                  ;
; 5:1                ; 8 bits    ; 24 LEs        ; 8 LEs                ; 16 LEs                 ; Yes        ; |t1c_riscv_cpu|data_mem:datamem|data_ram[5][9]                  ;
; 6:1                ; 8 bits    ; 32 LEs        ; 16 LEs               ; 16 LEs                 ; Yes        ; |t1c_riscv_cpu|data_mem:datamem|data_ram[5][29]                 ;
; 4:1                ; 7 bits    ; 14 LEs        ; 0 LEs                ; 14 LEs                 ; Yes        ; |t1c_riscv_cpu|data_mem:datamem|data_ram[4][5]                  ;
; 5:1                ; 8 bits    ; 24 LEs        ; 8 LEs                ; 16 LEs                 ; Yes        ; |t1c_riscv_cpu|data_mem:datamem|data_ram[4][11]                 ;
; 6:1                ; 8 bits    ; 32 LEs        ; 16 LEs               ; 16 LEs                 ; Yes        ; |t1c_riscv_cpu|data_mem:datamem|data_ram[4][28]                 ;
; 4:1                ; 7 bits    ; 14 LEs        ; 0 LEs                ; 14 LEs                 ; Yes        ; |t1c_riscv_cpu|data_mem:datamem|data_ram[3][1]                  ;
; 5:1                ; 8 bits    ; 24 LEs        ; 8 LEs                ; 16 LEs                 ; Yes        ; |t1c_riscv_cpu|data_mem:datamem|data_ram[3][12]                 ;
; 6:1                ; 8 bits    ; 32 LEs        ; 16 LEs               ; 16 LEs                 ; Yes        ; |t1c_riscv_cpu|data_mem:datamem|data_ram[3][28]                 ;
; 4:1                ; 7 bits    ; 14 LEs        ; 0 LEs                ; 14 LEs                 ; Yes        ; |t1c_riscv_cpu|data_mem:datamem|data_ram[2][4]                  ;
; 5:1                ; 8 bits    ; 24 LEs        ; 8 LEs                ; 16 LEs                 ; Yes        ; |t1c_riscv_cpu|data_mem:datamem|data_ram[2][15]                 ;
; 6:1                ; 8 bits    ; 32 LEs        ; 16 LEs               ; 16 LEs                 ; Yes        ; |t1c_riscv_cpu|data_mem:datamem|data_ram[2][28]                 ;
; 4:1                ; 7 bits    ; 14 LEs        ; 0 LEs                ; 14 LEs                 ; Yes        ; |t1c_riscv_cpu|data_mem:datamem|data_ram[1][7]                  ;
; 5:1                ; 8 bits    ; 24 LEs        ; 8 LEs                ; 16 LEs                 ; Yes        ; |t1c_riscv_cpu|data_mem:datamem|data_ram[1][10]                 ;
; 6:1                ; 8 bits    ; 32 LEs        ; 16 LEs               ; 16 LEs                 ; Yes        ; |t1c_riscv_cpu|data_mem:datamem|data_ram[1][26]                 ;
; 4:1                ; 7 bits    ; 14 LEs        ; 0 LEs                ; 14 LEs                 ; Yes        ; |t1c_riscv_cpu|data_mem:datamem|data_ram[0][7]                  ;
; 5:1                ; 8 bits    ; 24 LEs        ; 8 LEs                ; 16 LEs                 ; Yes        ; |t1c_riscv_cpu|data_mem:datamem|data_ram[0][10]                 ;
; 6:1                ; 8 bits    ; 32 LEs        ; 16 LEs               ; 16 LEs                 ; Yes        ; |t1c_riscv_cpu|data_mem:datamem|data_ram[0][31]                 ;
; 6:1                ; 8 bits    ; 32 LEs        ; 8 LEs                ; 24 LEs                 ; Yes        ; |t1c_riscv_cpu|data_mem:datamem|data_ram[63][18]                ;
; 6:1                ; 8 bits    ; 32 LEs        ; 8 LEs                ; 24 LEs                 ; Yes        ; |t1c_riscv_cpu|data_mem:datamem|data_ram[62][20]                ;
; 6:1                ; 8 bits    ; 32 LEs        ; 8 LEs                ; 24 LEs                 ; Yes        ; |t1c_riscv_cpu|data_mem:datamem|data_ram[61][16]                ;
; 6:1                ; 8 bits    ; 32 LEs        ; 8 LEs                ; 24 LEs                 ; Yes        ; |t1c_riscv_cpu|data_mem:datamem|data_ram[60][18]                ;
; 6:1                ; 8 bits    ; 32 LEs        ; 8 LEs                ; 24 LEs                 ; Yes        ; |t1c_riscv_cpu|data_mem:datamem|data_ram[59][16]                ;
; 6:1                ; 8 bits    ; 32 LEs        ; 8 LEs                ; 24 LEs                 ; Yes        ; |t1c_riscv_cpu|data_mem:datamem|data_ram[58][19]                ;
; 6:1                ; 8 bits    ; 32 LEs        ; 8 LEs                ; 24 LEs                 ; Yes        ; |t1c_riscv_cpu|data_mem:datamem|data_ram[57][22]                ;
; 6:1                ; 8 bits    ; 32 LEs        ; 8 LEs                ; 24 LEs                 ; Yes        ; |t1c_riscv_cpu|data_mem:datamem|data_ram[56][16]                ;
; 6:1                ; 8 bits    ; 32 LEs        ; 8 LEs                ; 24 LEs                 ; Yes        ; |t1c_riscv_cpu|data_mem:datamem|data_ram[55][23]                ;
; 6:1                ; 8 bits    ; 32 LEs        ; 8 LEs                ; 24 LEs                 ; Yes        ; |t1c_riscv_cpu|data_mem:datamem|data_ram[54][17]                ;
; 6:1                ; 8 bits    ; 32 LEs        ; 8 LEs                ; 24 LEs                 ; Yes        ; |t1c_riscv_cpu|data_mem:datamem|data_ram[53][23]                ;
; 6:1                ; 8 bits    ; 32 LEs        ; 8 LEs                ; 24 LEs                 ; Yes        ; |t1c_riscv_cpu|data_mem:datamem|data_ram[52][19]                ;
; 6:1                ; 8 bits    ; 32 LEs        ; 8 LEs                ; 24 LEs                 ; Yes        ; |t1c_riscv_cpu|data_mem:datamem|data_ram[51][19]                ;
; 6:1                ; 8 bits    ; 32 LEs        ; 8 LEs                ; 24 LEs                 ; Yes        ; |t1c_riscv_cpu|data_mem:datamem|data_ram[50][22]                ;
; 6:1                ; 8 bits    ; 32 LEs        ; 8 LEs                ; 24 LEs                 ; Yes        ; |t1c_riscv_cpu|data_mem:datamem|data_ram[49][19]                ;
; 6:1                ; 8 bits    ; 32 LEs        ; 8 LEs                ; 24 LEs                 ; Yes        ; |t1c_riscv_cpu|data_mem:datamem|data_ram[48][19]                ;
; 6:1                ; 8 bits    ; 32 LEs        ; 8 LEs                ; 24 LEs                 ; Yes        ; |t1c_riscv_cpu|data_mem:datamem|data_ram[47][21]                ;
; 6:1                ; 8 bits    ; 32 LEs        ; 8 LEs                ; 24 LEs                 ; Yes        ; |t1c_riscv_cpu|data_mem:datamem|data_ram[46][20]                ;
; 6:1                ; 8 bits    ; 32 LEs        ; 8 LEs                ; 24 LEs                 ; Yes        ; |t1c_riscv_cpu|data_mem:datamem|data_ram[45][20]                ;
; 6:1                ; 8 bits    ; 32 LEs        ; 8 LEs                ; 24 LEs                 ; Yes        ; |t1c_riscv_cpu|data_mem:datamem|data_ram[44][23]                ;
; 6:1                ; 8 bits    ; 32 LEs        ; 8 LEs                ; 24 LEs                 ; Yes        ; |t1c_riscv_cpu|data_mem:datamem|data_ram[43][18]                ;
; 6:1                ; 8 bits    ; 32 LEs        ; 8 LEs                ; 24 LEs                 ; Yes        ; |t1c_riscv_cpu|data_mem:datamem|data_ram[42][23]                ;
; 6:1                ; 8 bits    ; 32 LEs        ; 8 LEs                ; 24 LEs                 ; Yes        ; |t1c_riscv_cpu|data_mem:datamem|data_ram[41][22]                ;
; 6:1                ; 8 bits    ; 32 LEs        ; 8 LEs                ; 24 LEs                 ; Yes        ; |t1c_riscv_cpu|data_mem:datamem|data_ram[40][23]                ;
; 6:1                ; 8 bits    ; 32 LEs        ; 8 LEs                ; 24 LEs                 ; Yes        ; |t1c_riscv_cpu|data_mem:datamem|data_ram[39][18]                ;
; 6:1                ; 8 bits    ; 32 LEs        ; 8 LEs                ; 24 LEs                 ; Yes        ; |t1c_riscv_cpu|data_mem:datamem|data_ram[38][17]                ;
; 6:1                ; 8 bits    ; 32 LEs        ; 8 LEs                ; 24 LEs                 ; Yes        ; |t1c_riscv_cpu|data_mem:datamem|data_ram[37][21]                ;
; 6:1                ; 8 bits    ; 32 LEs        ; 8 LEs                ; 24 LEs                 ; Yes        ; |t1c_riscv_cpu|data_mem:datamem|data_ram[36][23]                ;
; 6:1                ; 8 bits    ; 32 LEs        ; 8 LEs                ; 24 LEs                 ; Yes        ; |t1c_riscv_cpu|data_mem:datamem|data_ram[35][22]                ;
; 6:1                ; 8 bits    ; 32 LEs        ; 8 LEs                ; 24 LEs                 ; Yes        ; |t1c_riscv_cpu|data_mem:datamem|data_ram[34][17]                ;
; 6:1                ; 8 bits    ; 32 LEs        ; 8 LEs                ; 24 LEs                 ; Yes        ; |t1c_riscv_cpu|data_mem:datamem|data_ram[33][18]                ;
; 6:1                ; 8 bits    ; 32 LEs        ; 8 LEs                ; 24 LEs                 ; Yes        ; |t1c_riscv_cpu|data_mem:datamem|data_ram[32][20]                ;
; 6:1                ; 8 bits    ; 32 LEs        ; 8 LEs                ; 24 LEs                 ; Yes        ; |t1c_riscv_cpu|data_mem:datamem|data_ram[31][17]                ;
; 6:1                ; 8 bits    ; 32 LEs        ; 8 LEs                ; 24 LEs                 ; Yes        ; |t1c_riscv_cpu|data_mem:datamem|data_ram[30][17]                ;
; 6:1                ; 8 bits    ; 32 LEs        ; 8 LEs                ; 24 LEs                 ; Yes        ; |t1c_riscv_cpu|data_mem:datamem|data_ram[29][20]                ;
; 6:1                ; 8 bits    ; 32 LEs        ; 8 LEs                ; 24 LEs                 ; Yes        ; |t1c_riscv_cpu|data_mem:datamem|data_ram[28][22]                ;
; 6:1                ; 8 bits    ; 32 LEs        ; 8 LEs                ; 24 LEs                 ; Yes        ; |t1c_riscv_cpu|data_mem:datamem|data_ram[27][20]                ;
; 6:1                ; 8 bits    ; 32 LEs        ; 8 LEs                ; 24 LEs                 ; Yes        ; |t1c_riscv_cpu|data_mem:datamem|data_ram[26][20]                ;
; 6:1                ; 8 bits    ; 32 LEs        ; 8 LEs                ; 24 LEs                 ; Yes        ; |t1c_riscv_cpu|data_mem:datamem|data_ram[25][17]                ;
; 6:1                ; 8 bits    ; 32 LEs        ; 8 LEs                ; 24 LEs                 ; Yes        ; |t1c_riscv_cpu|data_mem:datamem|data_ram[24][18]                ;
; 6:1                ; 8 bits    ; 32 LEs        ; 8 LEs                ; 24 LEs                 ; Yes        ; |t1c_riscv_cpu|data_mem:datamem|data_ram[23][17]                ;
; 6:1                ; 8 bits    ; 32 LEs        ; 8 LEs                ; 24 LEs                 ; Yes        ; |t1c_riscv_cpu|data_mem:datamem|data_ram[22][17]                ;
; 6:1                ; 8 bits    ; 32 LEs        ; 8 LEs                ; 24 LEs                 ; Yes        ; |t1c_riscv_cpu|data_mem:datamem|data_ram[21][17]                ;
; 6:1                ; 8 bits    ; 32 LEs        ; 8 LEs                ; 24 LEs                 ; Yes        ; |t1c_riscv_cpu|data_mem:datamem|data_ram[20][22]                ;
; 6:1                ; 8 bits    ; 32 LEs        ; 8 LEs                ; 24 LEs                 ; Yes        ; |t1c_riscv_cpu|data_mem:datamem|data_ram[19][18]                ;
; 6:1                ; 8 bits    ; 32 LEs        ; 8 LEs                ; 24 LEs                 ; Yes        ; |t1c_riscv_cpu|data_mem:datamem|data_ram[18][18]                ;
; 6:1                ; 8 bits    ; 32 LEs        ; 8 LEs                ; 24 LEs                 ; Yes        ; |t1c_riscv_cpu|data_mem:datamem|data_ram[17][16]                ;
; 6:1                ; 8 bits    ; 32 LEs        ; 8 LEs                ; 24 LEs                 ; Yes        ; |t1c_riscv_cpu|data_mem:datamem|data_ram[16][16]                ;
; 6:1                ; 8 bits    ; 32 LEs        ; 8 LEs                ; 24 LEs                 ; Yes        ; |t1c_riscv_cpu|data_mem:datamem|data_ram[15][20]                ;
; 6:1                ; 8 bits    ; 32 LEs        ; 8 LEs                ; 24 LEs                 ; Yes        ; |t1c_riscv_cpu|data_mem:datamem|data_ram[14][23]                ;
; 6:1                ; 8 bits    ; 32 LEs        ; 8 LEs                ; 24 LEs                 ; Yes        ; |t1c_riscv_cpu|data_mem:datamem|data_ram[13][19]                ;
; 6:1                ; 8 bits    ; 32 LEs        ; 8 LEs                ; 24 LEs                 ; Yes        ; |t1c_riscv_cpu|data_mem:datamem|data_ram[12][23]                ;
; 6:1                ; 8 bits    ; 32 LEs        ; 8 LEs                ; 24 LEs                 ; Yes        ; |t1c_riscv_cpu|data_mem:datamem|data_ram[11][20]                ;
; 6:1                ; 8 bits    ; 32 LEs        ; 8 LEs                ; 24 LEs                 ; Yes        ; |t1c_riscv_cpu|data_mem:datamem|data_ram[10][18]                ;
; 6:1                ; 8 bits    ; 32 LEs        ; 8 LEs                ; 24 LEs                 ; Yes        ; |t1c_riscv_cpu|data_mem:datamem|data_ram[9][18]                 ;
; 6:1                ; 8 bits    ; 32 LEs        ; 8 LEs                ; 24 LEs                 ; Yes        ; |t1c_riscv_cpu|data_mem:datamem|data_ram[8][20]                 ;
; 6:1                ; 8 bits    ; 32 LEs        ; 8 LEs                ; 24 LEs                 ; Yes        ; |t1c_riscv_cpu|data_mem:datamem|data_ram[7][20]                 ;
; 6:1                ; 8 bits    ; 32 LEs        ; 8 LEs                ; 24 LEs                 ; Yes        ; |t1c_riscv_cpu|data_mem:datamem|data_ram[6][17]                 ;
; 6:1                ; 8 bits    ; 32 LEs        ; 8 LEs                ; 24 LEs                 ; Yes        ; |t1c_riscv_cpu|data_mem:datamem|data_ram[5][23]                 ;
; 6:1                ; 8 bits    ; 32 LEs        ; 8 LEs                ; 24 LEs                 ; Yes        ; |t1c_riscv_cpu|data_mem:datamem|data_ram[4][20]                 ;
; 6:1                ; 8 bits    ; 32 LEs        ; 8 LEs                ; 24 LEs                 ; Yes        ; |t1c_riscv_cpu|data_mem:datamem|data_ram[3][23]                 ;
; 6:1                ; 8 bits    ; 32 LEs        ; 8 LEs                ; 24 LEs                 ; Yes        ; |t1c_riscv_cpu|data_mem:datamem|data_ram[2][19]                 ;
; 6:1                ; 8 bits    ; 32 LEs        ; 8 LEs                ; 24 LEs                 ; Yes        ; |t1c_riscv_cpu|data_mem:datamem|data_ram[1][16]                 ;
; 6:1                ; 8 bits    ; 32 LEs        ; 8 LEs                ; 24 LEs                 ; Yes        ; |t1c_riscv_cpu|data_mem:datamem|data_ram[0][20]                 ;
; 3:1                ; 8 bits    ; 16 LEs        ; 16 LEs               ; 0 LEs                  ; No         ; |t1c_riscv_cpu|data_mem:datamem|Mux64                           ;
; 4:1                ; 32 bits   ; 64 LEs        ; 64 LEs               ; 0 LEs                  ; No         ; |t1c_riscv_cpu|riscv_cpu:rvcpu|datapath:dp|mux4:resultmux|y[16] ;
; 4:1                ; 4 bits    ; 8 LEs         ; 8 LEs                ; 0 LEs                  ; No         ; |t1c_riscv_cpu|riscv_cpu:rvcpu|datapath:dp|imm_extend:ext|Mux4  ;
; 64:1               ; 25 bits   ; 1050 LEs      ; 1050 LEs             ; 0 LEs                  ; No         ; |t1c_riscv_cpu|data_mem:datamem|Mux25                           ;
; 20:1               ; 8 bits    ; 104 LEs       ; 64 LEs               ; 40 LEs                 ; No         ; |t1c_riscv_cpu|riscv_cpu:rvcpu|datapath:dp|alu:alu|Mux23        ;
; 21:1               ; 7 bits    ; 98 LEs        ; 56 LEs               ; 42 LEs                 ; No         ; |t1c_riscv_cpu|riscv_cpu:rvcpu|datapath:dp|alu:alu|Mux14        ;
; 21:1               ; 4 bits    ; 56 LEs        ; 36 LEs               ; 20 LEs                 ; No         ; |t1c_riscv_cpu|riscv_cpu:rvcpu|datapath:dp|alu:alu|Mux27        ;
; 22:1               ; 4 bits    ; 56 LEs        ; 36 LEs               ; 20 LEs                 ; No         ; |t1c_riscv_cpu|riscv_cpu:rvcpu|datapath:dp|alu:alu|Mux5         ;
; 66:1               ; 7 bits    ; 308 LEs       ; 308 LEs              ; 0 LEs                  ; No         ; |t1c_riscv_cpu|data_mem:datamem|Mux66                           ;
; 22:1               ; 2 bits    ; 28 LEs        ; 18 LEs               ; 10 LEs                 ; No         ; |t1c_riscv_cpu|riscv_cpu:rvcpu|datapath:dp|alu:alu|Mux28        ;
; 23:1               ; 2 bits    ; 30 LEs        ; 20 LEs               ; 10 LEs                 ; No         ; |t1c_riscv_cpu|riscv_cpu:rvcpu|datapath:dp|alu:alu|Mux3         ;
+--------------------+-----------+---------------+----------------------+------------------------+------------+-----------------------------------------------------------------+


+-----------------------------------------------------------------------------------------+
; Parameter Settings for User Entity Instance: riscv_cpu:rvcpu|datapath:dp|reset_ff:pcreg ;
+----------------+-------+----------------------------------------------------------------+
; Parameter Name ; Value ; Type                                                           ;
+----------------+-------+----------------------------------------------------------------+
; WIDTH          ; 32    ; Signed Integer                                                 ;
+----------------+-------+----------------------------------------------------------------+
Note: In order to hide this table in the UI and the text report file, please set the "Show Parameter Settings in Synthesis Report" option in "Analysis and Synthesis Settings -> More Settings" to "Off".


+---------------------------------------------------------------------------------------+
; Parameter Settings for User Entity Instance: riscv_cpu:rvcpu|datapath:dp|adder:pcadd4 ;
+----------------+-------+--------------------------------------------------------------+
; Parameter Name ; Value ; Type                                                         ;
+----------------+-------+--------------------------------------------------------------+
; WIDTH          ; 32    ; Signed Integer                                               ;
+----------------+-------+--------------------------------------------------------------+
Note: In order to hide this table in the UI and the text report file, please set the "Show Parameter Settings in Synthesis Report" option in "Analysis and Synthesis Settings -> More Settings" to "Off".


+--------------------------------------------------------------------------------------------+
; Parameter Settings for User Entity Instance: riscv_cpu:rvcpu|datapath:dp|adder:pcaddbranch ;
+----------------+-------+-------------------------------------------------------------------+
; Parameter Name ; Value ; Type                                                              ;
+----------------+-------+-------------------------------------------------------------------+
; WIDTH          ; 32    ; Signed Integer                                                    ;
+----------------+-------+-------------------------------------------------------------------+
Note: In order to hide this table in the UI and the text report file, please set the "Show Parameter Settings in Synthesis Report" option in "Analysis and Synthesis Settings -> More Settings" to "Off".


+-------------------------------------------------------------------------------------+
; Parameter Settings for User Entity Instance: riscv_cpu:rvcpu|datapath:dp|mux3:pcmux ;
+----------------+-------+------------------------------------------------------------+
; Parameter Name ; Value ; Type                                                       ;
+----------------+-------+------------------------------------------------------------+
; WIDTH          ; 32    ; Signed Integer                                             ;
+----------------+-------+------------------------------------------------------------+
Note: In order to hide this table in the UI and the text report file, please set the "Show Parameter Settings in Synthesis Report" option in "Analysis and Synthesis Settings -> More Settings" to "Off".


+--------------------------------------------------------------------------------------+
; Parameter Settings for User Entity Instance: riscv_cpu:rvcpu|datapath:dp|reg_file:rf ;
+----------------+-------+-------------------------------------------------------------+
; Parameter Name ; Value ; Type                                                        ;
+----------------+-------+-------------------------------------------------------------+
; DATA_WIDTH     ; 32    ; Signed Integer                                              ;
+----------------+-------+-------------------------------------------------------------+
Note: In order to hide this table in the UI and the text report file, please set the "Show Parameter Settings in Synthesis Report" option in "Analysis and Synthesis Settings -> More Settings" to "Off".


+---------------------------------------------------------------------------------------+
; Parameter Settings for User Entity Instance: riscv_cpu:rvcpu|datapath:dp|mux2:srcbmux ;
+----------------+-------+--------------------------------------------------------------+
; Parameter Name ; Value ; Type                                                         ;
+----------------+-------+--------------------------------------------------------------+
; WIDTH          ; 32    ; Signed Integer                                               ;
+----------------+-------+--------------------------------------------------------------+
Note: In order to hide this table in the UI and the text report file, please set the "Show Parameter Settings in Synthesis Report" option in "Analysis and Synthesis Settings -> More Settings" to "Off".


+----------------------------------------------------------------------------------+
; Parameter Settings for User Entity Instance: riscv_cpu:rvcpu|datapath:dp|alu:alu ;
+----------------+-------+---------------------------------------------------------+
; Parameter Name ; Value ; Type                                                    ;
+----------------+-------+---------------------------------------------------------+
; WIDTH          ; 32    ; Signed Integer                                          ;
+----------------+-------+---------------------------------------------------------+
Note: In order to hide this table in the UI and the text report file, please set the "Show Parameter Settings in Synthesis Report" option in "Analysis and Synthesis Settings -> More Settings" to "Off".


+-----------------------------------------------------------------------------------------+
; Parameter Settings for User Entity Instance: riscv_cpu:rvcpu|datapath:dp|mux4:resultmux ;
+----------------+-------+----------------------------------------------------------------+
; Parameter Name ; Value ; Type                                                           ;
+----------------+-------+----------------------------------------------------------------+
; WIDTH          ; 32    ; Signed Integer                                                 ;
+----------------+-------+----------------------------------------------------------------+
Note: In order to hide this table in the UI and the text report file, please set the "Show Parameter Settings in Synthesis Report" option in "Analysis and Synthesis Settings -> More Settings" to "Off".


+-----------------------------------------------------------------+
; Parameter Settings for User Entity Instance: instr_mem:instrmem ;
+----------------+-------+----------------------------------------+
; Parameter Name ; Value ; Type                                   ;
+----------------+-------+----------------------------------------+
; DATA_WIDTH     ; 32    ; Signed Integer                         ;
; ADDR_WIDTH     ; 32    ; Signed Integer                         ;
; MEM_SIZE       ; 512   ; Signed Integer                         ;
+----------------+-------+----------------------------------------+
Note: In order to hide this table in the UI and the text report file, please set the "Show Parameter Settings in Synthesis Report" option in "Analysis and Synthesis Settings -> More Settings" to "Off".


+---------------------------------------------------------------+
; Parameter Settings for User Entity Instance: data_mem:datamem ;
+----------------+-------+--------------------------------------+
; Parameter Name ; Value ; Type                                 ;
+----------------+-------+--------------------------------------+
; DATA_WIDTH     ; 32    ; Signed Integer                       ;
; ADDR_WIDTH     ; 32    ; Signed Integer                       ;
; MEM_SIZE       ; 64    ; Signed Integer                       ;
+----------------+-------+--------------------------------------+
Note: In order to hide this table in the UI and the text report file, please set the "Show Parameter Settings in Synthesis Report" option in "Analysis and Synthesis Settings -> More Settings" to "Off".


+----------------------------------------------------------------------+
; Port Connectivity Checks: "riscv_cpu:rvcpu|datapath:dp|adder:pcadd4" ;
+----------+-------+----------+----------------------------------------+
; Port     ; Type  ; Severity ; Details                                ;
+----------+-------+----------+----------------------------------------+
; b[31..3] ; Input ; Info     ; Stuck at GND                           ;
; b[1..0]  ; Input ; Info     ; Stuck at GND                           ;
; b[2]     ; Input ; Info     ; Stuck at VCC                           ;
+----------+-------+----------+----------------------------------------+


+----------------------------------------------------------------------------------------------------------------+
; Port Connectivity Checks: "riscv_cpu:rvcpu|controller:c"                                                       ;
+------+--------+----------+-------------------------------------------------------------------------------------+
; Port ; Type   ; Severity ; Details                                                                             ;
+------+--------+----------+-------------------------------------------------------------------------------------+
; Jump ; Output ; Info     ; Connected to dangling logic. Logic that only feeds a dangling port will be removed. ;
+------+--------+----------+-------------------------------------------------------------------------------------+


+-----------------------------------------------------+
; Post-Synthesis Netlist Statistics for Top Partition ;
+-----------------------+-----------------------------+
; Type                  ; Count                       ;
+-----------------------+-----------------------------+
; boundary_port         ; 228                         ;
; cycloneiii_ff         ; 3104                        ;
;     CLR SLD           ; 30                          ;
;     ENA               ; 2504                        ;
;     ENA CLR           ; 2                           ;
;     ENA SLD           ; 512                         ;
;     plain             ; 56                          ;
; cycloneiii_lcell_comb ; 5022                        ;
;     arith             ; 164                         ;
;         2 data inputs ; 29                          ;
;         3 data inputs ; 135                         ;
;     normal            ; 4858                        ;
;         1 data inputs ; 1                           ;
;         2 data inputs ; 29                          ;
;         3 data inputs ; 946                         ;
;         4 data inputs ; 3882                        ;
;                       ;                             ;
; Max LUT depth         ; 30.00                       ;
; Average LUT depth     ; 19.34                       ;
+-----------------------+-----------------------------+


+-------------------------------+
; Elapsed Time Per Partition    ;
+----------------+--------------+
; Partition Name ; Elapsed Time ;
+----------------+--------------+
; Top            ; 00:00:18     ;
+----------------+--------------+


+-------------------------------+
; Analysis & Synthesis Messages ;
+-------------------------------+
Info: *******************************************************************
Info: Running Quartus Prime Analysis & Synthesis
    Info: Version 20.1.0 Build 711 06/05/2020 SJ Lite Edition
    Info: Processing started: Sun Jan 12 19:19:35 2025
Info: Command: quartus_map --read_settings_files=on --write_settings_files=off t1c_riscv_cpu -c t1c_riscv_cpu
Warning (18236): Number of processors has not been specified which may cause overloading on shared machines.  Set the global assignment NUM_PARALLEL_PROCESSORS in your QSF to an appropriate value for best performance.
Info (20030): Parallel compilation is enabled and will use 8 of the 8 processors detected
Info (12021): Found 1 design units, including 1 entities, in source file code/t1c_riscv_cpu.v
    Info (12023): Found entity 1: t1c_riscv_cpu File: /home/bala/git_stuff/RISCV-Processor/v1/code/t1c_riscv_cpu.v Line: 4
Info (12021): Found 1 design units, including 1 entities, in source file code/riscv_cpu.v
    Info (12023): Found entity 1: riscv_cpu File: /home/bala/git_stuff/RISCV-Processor/v1/code/riscv_cpu.v Line: 4
Info (12021): Found 1 design units, including 1 entities, in source file code/instr_mem.v
    Info (12023): Found entity 1: instr_mem File: /home/bala/git_stuff/RISCV-Processor/v1/code/instr_mem.v Line: 4
Info (12021): Found 1 design units, including 1 entities, in source file code/data_mem.v
    Info (12023): Found entity 1: data_mem File: /home/bala/git_stuff/RISCV-Processor/v1/code/data_mem.v Line: 4
Info (12021): Found 1 design units, including 1 entities, in source file code/components/reset_ff.v
    Info (12023): Found entity 1: reset_ff File: /home/bala/git_stuff/RISCV-Processor/v1/code/components/reset_ff.v Line: 4
Info (12021): Found 1 design units, including 1 entities, in source file code/components/reg_file.v
    Info (12023): Found entity 1: reg_file File: /home/bala/git_stuff/RISCV-Processor/v1/code/components/reg_file.v Line: 8
Info (12021): Found 1 design units, including 1 entities, in source file code/components/mux4.v
    Info (12023): Found entity 1: mux4 File: /home/bala/git_stuff/RISCV-Processor/v1/code/components/mux4.v Line: 4
Info (12021): Found 1 design units, including 1 entities, in source file code/components/mux3.v
    Info (12023): Found entity 1: mux3 File: /home/bala/git_stuff/RISCV-Processor/v1/code/components/mux3.v Line: 4
Info (12021): Found 1 design units, including 1 entities, in source file code/components/mux2.v
    Info (12023): Found entity 1: mux2 File: /home/bala/git_stuff/RISCV-Processor/v1/code/components/mux2.v Line: 4
Info (12021): Found 1 design units, including 1 entities, in source file code/components/main_decoder.v
    Info (12023): Found entity 1: main_decoder File: /home/bala/git_stuff/RISCV-Processor/v1/code/components/main_decoder.v Line: 4
Info (12021): Found 1 design units, including 1 entities, in source file code/components/imm_extend.v
    Info (12023): Found entity 1: imm_extend File: /home/bala/git_stuff/RISCV-Processor/v1/code/components/imm_extend.v Line: 3
Info (12021): Found 1 design units, including 1 entities, in source file code/components/datapath.v
    Info (12023): Found entity 1: datapath File: /home/bala/git_stuff/RISCV-Processor/v1/code/components/datapath.v Line: 3
Info (12021): Found 1 design units, including 1 entities, in source file code/components/controller.v
    Info (12023): Found entity 1: controller File: /home/bala/git_stuff/RISCV-Processor/v1/code/components/controller.v Line: 4
Info (12021): Found 1 design units, including 1 entities, in source file code/components/alu_decoder.v
    Info (12023): Found entity 1: alu_decoder File: /home/bala/git_stuff/RISCV-Processor/v1/code/components/alu_decoder.v Line: 4
Info (12021): Found 1 design units, including 1 entities, in source file code/components/alu.v
    Info (12023): Found entity 1: alu File: /home/bala/git_stuff/RISCV-Processor/v1/code/components/alu.v Line: 4
Info (12021): Found 1 design units, including 1 entities, in source file code/components/adder.v
    Info (12023): Found entity 1: adder File: /home/bala/git_stuff/RISCV-Processor/v1/code/components/adder.v Line: 4
Info (12127): Elaborating entity "t1c_riscv_cpu" for the top level hierarchy
Warning (10230): Verilog HDL assignment warning at t1c_riscv_cpu.v(24): truncated value with size 32 to match size of target (1) File: /home/bala/git_stuff/RISCV-Processor/v1/code/t1c_riscv_cpu.v Line: 24
Info (12128): Elaborating entity "riscv_cpu" for hierarchy "riscv_cpu:rvcpu" File: /home/bala/git_stuff/RISCV-Processor/v1/code/t1c_riscv_cpu.v Line: 20
Info (12128): Elaborating entity "controller" for hierarchy "riscv_cpu:rvcpu|controller:c" File: /home/bala/git_stuff/RISCV-Processor/v1/code/riscv_cpu.v Line: 21
Info (12128): Elaborating entity "main_decoder" for hierarchy "riscv_cpu:rvcpu|controller:c|main_decoder:md" File: /home/bala/git_stuff/RISCV-Processor/v1/code/components/controller.v Line: 23
Info (12128): Elaborating entity "alu_decoder" for hierarchy "riscv_cpu:rvcpu|controller:c|alu_decoder:ad" File: /home/bala/git_stuff/RISCV-Processor/v1/code/components/controller.v Line: 25
Info (12128): Elaborating entity "datapath" for hierarchy "riscv_cpu:rvcpu|datapath:dp" File: /home/bala/git_stuff/RISCV-Processor/v1/code/riscv_cpu.v Line: 25
Info (12128): Elaborating entity "reset_ff" for hierarchy "riscv_cpu:rvcpu|datapath:dp|reset_ff:pcreg" File: /home/bala/git_stuff/RISCV-Processor/v1/code/components/datapath.v Line: 25
Info (12128): Elaborating entity "adder" for hierarchy "riscv_cpu:rvcpu|datapath:dp|adder:pcadd4" File: /home/bala/git_stuff/RISCV-Processor/v1/code/components/datapath.v Line: 26
Info (12128): Elaborating entity "mux3" for hierarchy "riscv_cpu:rvcpu|datapath:dp|mux3:pcmux" File: /home/bala/git_stuff/RISCV-Processor/v1/code/components/datapath.v Line: 30
Info (12128): Elaborating entity "reg_file" for hierarchy "riscv_cpu:rvcpu|datapath:dp|reg_file:rf" File: /home/bala/git_stuff/RISCV-Processor/v1/code/components/datapath.v Line: 33
Info (12128): Elaborating entity "imm_extend" for hierarchy "riscv_cpu:rvcpu|datapath:dp|imm_extend:ext" File: /home/bala/git_stuff/RISCV-Processor/v1/code/components/datapath.v Line: 34
Info (12128): Elaborating entity "mux2" for hierarchy "riscv_cpu:rvcpu|datapath:dp|mux2:srcbmux" File: /home/bala/git_stuff/RISCV-Processor/v1/code/components/datapath.v Line: 37
Info (12128): Elaborating entity "alu" for hierarchy "riscv_cpu:rvcpu|datapath:dp|alu:alu" File: /home/bala/git_stuff/RISCV-Processor/v1/code/components/datapath.v Line: 38
Warning (10764): Verilog HDL warning at alu.v(37): converting signed shift amount to unsigned File: /home/bala/git_stuff/RISCV-Processor/v1/code/components/alu.v Line: 37
Info (12128): Elaborating entity "mux4" for hierarchy "riscv_cpu:rvcpu|datapath:dp|mux4:resultmux" File: /home/bala/git_stuff/RISCV-Processor/v1/code/components/datapath.v Line: 40
Info (12128): Elaborating entity "instr_mem" for hierarchy "instr_mem:instrmem" File: /home/bala/git_stuff/RISCV-Processor/v1/code/t1c_riscv_cpu.v Line: 21
Warning (10850): Verilog HDL warning at instr_mem.v(14): number of words (79) in memory file does not match the number of elements in the address range [0:511] File: /home/bala/git_stuff/RISCV-Processor/v1/code/instr_mem.v Line: 14
Warning (10030): Net "instr_ram.data_a" at instr_mem.v(10) has no driver or initial value, using a default initial value '0' File: /home/bala/git_stuff/RISCV-Processor/v1/code/instr_mem.v Line: 10
Warning (10030): Net "instr_ram.waddr_a" at instr_mem.v(10) has no driver or initial value, using a default initial value '0' File: /home/bala/git_stuff/RISCV-Processor/v1/code/instr_mem.v Line: 10
Warning (10030): Net "instr_ram.we_a" at instr_mem.v(10) has no driver or initial value, using a default initial value '0' File: /home/bala/git_stuff/RISCV-Processor/v1/code/instr_mem.v Line: 10
Info (12128): Elaborating entity "data_mem" for hierarchy "data_mem:datamem" File: /home/bala/git_stuff/RISCV-Processor/v1/code/t1c_riscv_cpu.v Line: 22
Warning (10230): Verilog HDL assignment warning at data_mem.v(32): truncated value with size 32 to match size of target (8) File: /home/bala/git_stuff/RISCV-Processor/v1/code/data_mem.v Line: 32
Warning (10230): Verilog HDL assignment warning at data_mem.v(33): truncated value with size 32 to match size of target (8) File: /home/bala/git_stuff/RISCV-Processor/v1/code/data_mem.v Line: 33
Warning (10230): Verilog HDL assignment warning at data_mem.v(34): truncated value with size 32 to match size of target (8) File: /home/bala/git_stuff/RISCV-Processor/v1/code/data_mem.v Line: 34
Warning (10230): Verilog HDL assignment warning at data_mem.v(35): truncated value with size 32 to match size of target (8) File: /home/bala/git_stuff/RISCV-Processor/v1/code/data_mem.v Line: 35
Info (276014): Found 1 instances of uninferred RAM logic
    Info (276007): RAM logic "riscv_cpu:rvcpu|datapath:dp|reg_file:rf|reg_file_arr" is uninferred due to asynchronous read logic File: /home/bala/git_stuff/RISCV-Processor/v1/code/components/reg_file.v Line: 16
Warning (127007): Memory Initialization File or Hexadecimal (Intel-Format) File "/home/bala/git_stuff/RISCV-Processor/v1/db/t1c_riscv_cpu.ram0_instr_mem_8ff0214b.hdl.mif" contains "don't care" values -- overwriting them with 0s
Info (286030): Timing-Driven Synthesis is running
Info (16010): Generating hard_block partition "hard_block:auto_generated_inst"
    Info (16011): Adding 0 node(s), including 0 DDIO, 0 PLL, 0 transceiver and 0 LCELL
Info (21057): Implemented 7754 device resources after synthesis - the final resource count might be different
    Info (21058): Implemented 67 input pins
    Info (21059): Implemented 161 output pins
    Info (21061): Implemented 7526 logic cells
Info: Quartus Prime Analysis & Synthesis was successful. 0 errors, 12 warnings
    Info: Peak virtual memory: 493 megabytes
    Info: Processing ended: Sun Jan 12 19:20:02 2025
    Info: Elapsed time: 00:00:27
    Info: Total CPU time (on all processors): 00:00:47


